[debug] [2026-04-01T20:25:31.641Z] ----------------------------------------------------------------------
[debug] [2026-04-01T20:25:31.647Z] Command:       C:\Program Files\nodejs\node.exe C:\Users\ASUS\AppData\Roaming\npm\node_modules\firebase-tools\lib\bin\firebase.js init
[debug] [2026-04-01T20:25:31.648Z] CLI Version:   15.12.0
[debug] [2026-04-01T20:25:31.648Z] Platform:      win32
[debug] [2026-04-01T20:25:31.649Z] Node Version:  v24.13.0
[debug] [2026-04-01T20:25:31.649Z] Time:          Thu Apr 02 2026 01:55:31 GMT+0530 (India Standard Time)
[debug] [2026-04-01T20:25:31.649Z] ----------------------------------------------------------------------
[debug] 
[info] 
     ######## #### ########  ######## ########     ###     ######  ########
     ##        ##  ##     ## ##       ##     ##  ##   ##  ##       ##
     ######    ##  ########  ######   ########  #########  ######  ######
     ##        ##  ##    ##  ##       ##     ## ##     ##       ## ##
     ##       #### ##     ## ######## ########  ##     ##  ######  ########

You're about to initialize a Firebase project in this directory:

  C:\Users\ASUS\Desktop\Smart_Inventory_AI_System

[debug] [2026-04-01T20:25:48.694Z] ExitPromptError: User force closed the prompt with SIGINT
    at Interface.sigint (C:\Users\ASUS\AppData\Roaming\npm\node_modules\firebase-tools\node_modules\@inquirer\core\dist\commonjs\lib\create-prompt.js:101:37)
    at Interface.emit (node:events:508:28)
    at [_ttyWrite] [as _ttyWrite] (node:internal/readline/interface:1327:18)
    at ReadStream.onkeypress (node:internal/readline/interface:284:20)
    at ReadStream.emit (node:events:520:35)
    at emitKeys (node:internal/readline/utils:371:14)
    at emitKeys.next (<anonymous>)
    at ReadStream.onData (node:internal/readline/emitKeypressEvents:64:36)
    at ReadStream.emit (node:events:508:28)
    at addChunk (node:internal/streams/readable:559:12)
[error] 
[error] Error: An unexpected error has occurred.
[debug] [2026-04-02T09:24:23.132Z] ----------------------------------------------------------------------
[debug] [2026-04-02T09:24:23.135Z] Command:       C:\Program Files\nodejs\node.exe C:\Users\ASUS\AppData\Roaming\npm\node_modules\firebase-tools\lib\bin\firebase.js init
[debug] [2026-04-02T09:24:23.136Z] CLI Version:   15.12.0
[debug] [2026-04-02T09:24:23.136Z] Platform:      win32
[debug] [2026-04-02T09:24:23.136Z] Node Version:  v24.13.0
[debug] [2026-04-02T09:24:23.136Z] Time:          Thu Apr 02 2026 14:54:23 GMT+0530 (India Standard Time)
[debug] [2026-04-02T09:24:23.136Z] ----------------------------------------------------------------------
[debug] 
[info] 
     ######## #### ########  ######## ########     ###     ######  ########
     ##        ##  ##     ## ##       ##     ##  ##   ##  ##       ##
     ######    ##  ########  ######   ########  #########  ######  ######
     ##        ##  ##    ##  ##       ##     ## ##     ##       ## ##
     ##       #### ##     ## ######## ########  ##     ##  ######  ########

You're about to initialize a Firebase project in this directory:

  C:\Users\ASUS\Desktop\Smart_Inventory_AI_System

[debug] [2026-04-02T10:50:26.973Z] ----------------------------------------------------------------------
[debug] [2026-04-02T10:50:26.979Z] Command:       C:\Program Files\nodejs\node.exe C:\Users\ASUS\AppData\Roaming\npm\node_modules\firebase-tools\lib\bin\firebase.js init
[debug] [2026-04-02T10:50:26.979Z] CLI Version:   15.12.0
[debug] [2026-04-02T10:50:26.979Z] Platform:      win32
[debug] [2026-04-02T10:50:26.979Z] Node Version:  v24.13.0
[debug] [2026-04-02T10:50:26.980Z] Time:          Thu Apr 02 2026 16:20:26 GMT+0530 (India Standard Time)
[debug] [2026-04-02T10:50:26.980Z] ----------------------------------------------------------------------
[debug] 
[info] 
     ######## #### ########  ######## ########     ###     ######  ########
     ##        ##  ##     ## ##       ##     ##  ##   ##  ##       ##
     ######    ##  ########  ######   ########  #########  ######  ######
     ##        ##  ##    ##  ##       ##     ## ##     ##       ## ##
     ##       #### ##     ## ######## ########  ##     ##  ######  ########

You're about to initialize a Firebase project in this directory:

  C:\Users\ASUS\Desktop\Smart_Inventory_AI_System

[debug] [2026-04-02T10:50:53.885Z] ----------------------------------------------------------------------
[debug] [2026-04-02T10:50:53.890Z] Command:       C:\Program Files\nodejs\node.exe C:\Users\ASUS\AppData\Roaming\npm\node_modules\firebase-tools\lib\bin\firebase.js init
[debug] [2026-04-02T10:50:53.890Z] CLI Version:   15.12.0
[debug] [2026-04-02T10:50:53.890Z] Platform:      win32
[debug] [2026-04-02T10:50:53.891Z] Node Version:  v24.13.0
[debug] [2026-04-02T10:50:53.891Z] Time:          Thu Apr 02 2026 16:20:53 GMT+0530 (India Standard Time)
[debug] [2026-04-02T10:50:53.891Z] ----------------------------------------------------------------------
[debug] 
[info] 
     ######## #### ########  ######## ########     ###     ######  ########
     ##        ##  ##     ## ##       ##     ##  ##   ##  ##       ##
     ######    ##  ########  ######   ########  #########  ######  ######
     ##        ##  ##    ##  ##       ##     ## ##     ##       ## ##
     ##       #### ##     ## ######## ########  ##     ##  ######  ########

You're about to initialize a Firebase project in this directory:

  C:\Users\ASUS\Desktop\Smart_Inventory_AI_System

[debug] [2026-04-02T10:53:23.208Z] ExitPromptError: User force closed the prompt with SIGINT
    at Interface.sigint (C:\Users\ASUS\AppData\Roaming\npm\node_modules\firebase-tools\node_modules\@inquirer\core\dist\commonjs\lib\create-prompt.js:101:37)
    at Interface.emit (node:events:508:28)
    at [_ttyWrite] [as _ttyWrite] (node:internal/readline/interface:1327:18)
    at ReadStream.onkeypress (node:internal/readline/interface:284:20)
    at ReadStream.emit (node:events:520:35)
    at emitKeys (node:internal/readline/utils:371:14)
    at emitKeys.next (<anonymous>)
    at ReadStream.onData (node:internal/readline/emitKeypressEvents:64:36)
    at ReadStream.emit (node:events:508:28)
    at addChunk (node:internal/streams/readable:559:12)
[error] 
[error] Error: An unexpected error has occurred.
[debug] [2026-04-03T20:56:18.954Z] ----------------------------------------------------------------------
[debug] [2026-04-03T20:56:18.957Z] Command:       C:\Program Files\nodejs\node.exe C:\Users\ASUS\AppData\Roaming\npm\node_modules\firebase-tools\lib\bin\firebase.js init
[debug] [2026-04-03T20:56:18.957Z] CLI Version:   15.12.0
[debug] [2026-04-03T20:56:18.957Z] Platform:      win32
[debug] [2026-04-03T20:56:18.957Z] Node Version:  v24.13.0
[debug] [2026-04-03T20:56:18.957Z] Time:          Sat Apr 04 2026 02:26:18 GMT+0530 (India Standard Time)
[debug] [2026-04-03T20:56:18.957Z] ----------------------------------------------------------------------
[debug] 
[debug] [2026-04-03T20:56:18.959Z] >>> [apiv2][query] GET https://firebase-public.firebaseio.com/cli.json [none]
[info] 
     ######## #### ########  ######## ########     ###     ######  ########
     ##        ##  ##     ## ##       ##     ##  ##   ##  ##       ##
     ######    ##  ########  ######   ########  #########  ######  ######
     ##        ##  ##    ##  ##       ##     ## ##     ##       ## ##
     ##       #### ##     ## ######## ########  ##     ##  ######  ########

You're about to initialize a Firebase project in this directory:

  C:\Users\ASUS\Desktop\Smart_Inventory_AI_System

[debug] [2026-04-03T20:56:21.794Z] <<< [apiv2][status] GET https://firebase-public.firebaseio.com/cli.json 200
[debug] [2026-04-03T20:56:21.795Z] <<< [apiv2][body] GET https://firebase-public.firebaseio.com/cli.json {"cloudBuildErrorAfter":1594252800000,"cloudBuildWarnAfter":1590019200000,"defaultNode10After":1594252800000,"minVersion":"3.0.5","node8DeploysDisabledAfter":1613390400000,"node8RuntimeDisabledAfter":1615809600000,"node8WarnAfter":1600128000000}
[debug] [2026-04-12T19:16:26.211Z] ----------------------------------------------------------------------
[debug] [2026-04-12T19:16:26.216Z] Command:       C:\Program Files\nodejs\node.exe C:\Users\ASUS\AppData\Roaming\npm\node_modules\firebase-tools\lib\bin\firebase.js init
[debug] [2026-04-12T19:16:26.216Z] CLI Version:   15.12.0
[debug] [2026-04-12T19:16:26.216Z] Platform:      win32
[debug] [2026-04-12T19:16:26.216Z] Node Version:  v24.13.0
[debug] [2026-04-12T19:16:26.217Z] Time:          Mon Apr 13 2026 00:46:26 GMT+0530 (India Standard Time)
[debug] [2026-04-12T19:16:26.217Z] ----------------------------------------------------------------------
[debug] 
[debug] [2026-04-12T19:16:26.220Z] >>> [apiv2][query] GET https://firebase-public.firebaseio.com/cli.json [none]
[info] 
     ######## #### ########  ######## ########     ###     ######  ########
     ##        ##  ##     ## ##       ##     ##  ##   ##  ##       ##
     ######    ##  ########  ######   ########  #########  ######  ######
     ##        ##  ##    ##  ##       ##     ## ##     ##       ## ##
     ##       #### ##     ## ######## ########  ##     ##  ######  ########

You're about to initialize a Firebase project in this directory:

  C:\Users\ASUS\Desktop\Smart_Inventory_AI_System

[debug] [2026-04-12T19:16:29.927Z] <<< [apiv2][status] GET https://firebase-public.firebaseio.com/cli.json 200
[debug] [2026-04-12T19:16:29.927Z] <<< [apiv2][body] GET https://firebase-public.firebaseio.com/cli.json {"cloudBuildErrorAfter":1594252800000,"cloudBuildWarnAfter":1590019200000,"defaultNode10After":1594252800000,"minVersion":"3.0.5","node8DeploysDisabledAfter":1613390400000,"node8RuntimeDisabledAfter":1615809600000,"node8WarnAfter":1600128000000}
[debug] [2026-04-16T21:21:09.224Z] ----------------------------------------------------------------------
[debug] [2026-04-16T21:21:09.241Z] Command:       C:\Program Files\nodejs\node.exe C:\Users\ASUS\AppData\Roaming\npm\node_modules\firebase-tools\lib\bin\firebase.js init
[debug] [2026-04-16T21:21:09.242Z] CLI Version:   15.12.0
[debug] [2026-04-16T21:21:09.243Z] Platform:      win32
[debug] [2026-04-16T21:21:09.244Z] Node Version:  v24.13.0
[debug] [2026-04-16T21:21:09.244Z] Time:          Fri Apr 17 2026 02:51:09 GMT+0530 (India Standard Time)
[debug] [2026-04-16T21:21:09.245Z] ----------------------------------------------------------------------
[debug] 
[debug] [2026-04-16T21:21:09.252Z] >>> [apiv2][query] GET https://firebase-public.firebaseio.com/cli.json [none]
[info] 
     ######## #### ########  ######## ########     ###     ######  ########
     ##        ##  ##     ## ##       ##     ##  ##   ##  ##       ##
     ######    ##  ########  ######   ########  #########  ######  ######
     ##        ##  ##    ##  ##       ##     ## ##     ##       ## ##
     ##       #### ##     ## ######## ########  ##     ##  ######  ########

You're about to initialize a Firebase project in this directory:

  C:\Users\ASUS\Desktop\Smart_Inventory_AI_System

[debug] [2026-04-16T21:21:18.329Z] <<< [apiv2][status] GET https://firebase-public.firebaseio.com/cli.json 200
[debug] [2026-04-16T21:21:18.329Z] <<< [apiv2][body] GET https://firebase-public.firebaseio.com/cli.json {"cloudBuildErrorAfter":1594252800000,"cloudBuildWarnAfter":1590019200000,"defaultNode10After":1594252800000,"minVersion":"3.0.5","node8DeploysDisabledAfter":1613390400000,"node8RuntimeDisabledAfter":1615809600000,"node8WarnAfter":1600128000000}
[debug] [2026-04-16T21:43:43.709Z] ----------------------------------------------------------------------
[debug] [2026-04-16T21:43:43.716Z] Command:       C:\Program Files\nodejs\node.exe C:\Users\ASUS\AppData\Roaming\npm\node_modules\firebase-tools\lib\bin\firebase.js init
[debug] [2026-04-16T21:43:43.716Z] CLI Version:   15.12.0
[debug] [2026-04-16T21:43:43.716Z] Platform:      win32
[debug] [2026-04-16T21:43:43.717Z] Node Version:  v24.13.0
[debug] [2026-04-16T21:43:43.717Z] Time:          Fri Apr 17 2026 03:13:43 GMT+0530 (India Standard Time)
[debug] [2026-04-16T21:43:43.717Z] ----------------------------------------------------------------------
[debug] 
[info] 
     ######## #### ########  ######## ########     ###     ######  ########
     ##        ##  ##     ## ##       ##     ##  ##   ##  ##       ##
     ######    ##  ########  ######   ########  #########  ######  ######
     ##        ##  ##    ##  ##       ##     ## ##     ##       ## ##
     ##       #### ##     ## ######## ########  ##     ##  ######  ########

You're about to initialize a Firebase project in this directory:

  C:\Users\ASUS\Desktop\Smart_Inventory_AI_System

[debug] [2026-04-27T15:09:53.399Z] ----------------------------------------------------------------------
[debug] [2026-04-27T15:09:53.406Z] Command:       C:\Program Files\nodejs\node.exe C:\Users\ASUS\AppData\Roaming\npm\node_modules\firebase-tools\lib\bin\firebase.js init
[debug] [2026-04-27T15:09:53.407Z] CLI Version:   15.12.0
[debug] [2026-04-27T15:09:53.407Z] Platform:      win32
[debug] [2026-04-27T15:09:53.407Z] Node Version:  v24.13.0
[debug] [2026-04-27T15:09:53.407Z] Time:          Mon Apr 27 2026 20:39:53 GMT+0530 (India Standard Time)
[debug] [2026-04-27T15:09:53.407Z] ----------------------------------------------------------------------
[debug] 
[debug] [2026-04-27T15:09:53.411Z] >>> [apiv2][query] GET https://firebase-public.firebaseio.com/cli.json [none]
[info] 
     ######## #### ########  ######## ########     ###     ######  ########
     ##        ##  ##     ## ##       ##     ##  ##   ##  ##       ##
     ######    ##  ########  ######   ########  #########  ######  ######
     ##        ##  ##    ##  ##       ##     ## ##     ##       ## ##
     ##       #### ##     ## ######## ########  ##     ##  ######  ########

You're about to initialize a Firebase project in this directory:

  C:\Users\ASUS\Desktop\Smart_Inventory_AI_System

[debug] [2026-04-27T15:09:56.512Z] <<< [apiv2][status] GET https://firebase-public.firebaseio.com/cli.json 200
[debug] [2026-04-27T15:09:56.512Z] <<< [apiv2][body] GET https://firebase-public.firebaseio.com/cli.json {"cloudBuildErrorAfter":1594252800000,"cloudBuildWarnAfter":1590019200000,"defaultNode10After":1594252800000,"minVersion":"3.0.5","node8DeploysDisabledAfter":1613390400000,"node8RuntimeDisabledAfter":1615809600000,"node8WarnAfter":1600128000000}
[debug] [2026-05-01T08:45:32.702Z] ----------------------------------------------------------------------
[debug] [2026-05-01T08:45:32.705Z] Command:       C:\Program Files\nodejs\node.exe C:\Users\ASUS\AppData\Roaming\npm\node_modules\firebase-tools\lib\bin\firebase.js init
[debug] [2026-05-01T08:45:32.705Z] CLI Version:   15.12.0
[debug] [2026-05-01T08:45:32.706Z] Platform:      win32
[debug] [2026-05-01T08:45:32.706Z] Node Version:  v24.13.0
[debug] [2026-05-01T08:45:32.706Z] Time:          Fri May 01 2026 14:15:32 GMT+0530 (India Standard Time)
[debug] [2026-05-01T08:45:32.706Z] ----------------------------------------------------------------------
[debug] 
[debug] [2026-05-01T08:45:32.709Z] >>> [apiv2][query] GET https://firebase-public.firebaseio.com/cli.json [none]
[info] 
     ######## #### ########  ######## ########     ###     ######  ########
     ##        ##  ##     ## ##       ##     ##  ##   ##  ##       ##
     ######    ##  ########  ######   ########  #########  ######  ######
     ##        ##  ##    ##  ##       ##     ## ##     ##       ## ##
     ##       #### ##     ## ######## ########  ##     ##  ######  ########

You're about to initialize a Firebase project in this directory:

  C:\Users\ASUS\Desktop\Smart_Inventory_AI_System

[debug] [2026-05-01T08:45:43.026Z] <<< [apiv2][status] GET https://firebase-public.firebaseio.com/cli.json 200
[debug] [2026-05-01T08:45:43.026Z] <<< [apiv2][body] GET https://firebase-public.firebaseio.com/cli.json {"cloudBuildErrorAfter":1594252800000,"cloudBuildWarnAfter":1590019200000,"defaultNode10After":1594252800000,"minVersion":"3.0.5","node8DeploysDisabledAfter":1613390400000,"node8RuntimeDisabledAfter":1615809600000,"node8WarnAfter":1600128000000}
[debug] [2026-05-02T11:05:14.003Z] ----------------------------------------------------------------------
[debug] [2026-05-02T11:05:14.006Z] Command:       C:\Program Files\nodejs\node.exe C:\Users\ASUS\AppData\Roaming\npm\node_modules\firebase-tools\lib\bin\firebase.js init
[debug] [2026-05-02T11:05:14.007Z] CLI Version:   15.12.0
[debug] [2026-05-02T11:05:14.007Z] Platform:      win32
[debug] [2026-05-02T11:05:14.007Z] Node Version:  v24.13.0
[debug] [2026-05-02T11:05:14.007Z] Time:          Sat May 02 2026 16:35:14 GMT+0530 (India Standard Time)
[debug] [2026-05-02T11:05:14.007Z] ----------------------------------------------------------------------
[debug] 
[debug] [2026-05-02T11:05:14.010Z] >>> [apiv2][query] GET https://firebase-public.firebaseio.com/cli.json [none]
[info] 
     ######## #### ########  ######## ########     ###     ######  ########
     ##        ##  ##     ## ##       ##     ##  ##   ##  ##       ##
     ######    ##  ########  ######   ########  #########  ######  ######
     ##        ##  ##    ##  ##       ##     ## ##     ##       ## ##
     ##       #### ##     ## ######## ########  ##     ##  ######  ########

You're about to initialize a Firebase project in this directory:

  C:\Users\ASUS\Desktop\Smart_Inventory_AI_System

[debug] [2026-05-02T11:05:17.540Z] <<< [apiv2][status] GET https://firebase-public.firebaseio.com/cli.json 200
[debug] [2026-05-02T11:05:17.541Z] <<< [apiv2][body] GET https://firebase-public.firebaseio.com/cli.json {"cloudBuildErrorAfter":1594252800000,"cloudBuildWarnAfter":1590019200000,"defaultNode10After":1594252800000,"minVersion":"3.0.5","node8DeploysDisabledAfter":1613390400000,"node8RuntimeDisabledAfter":1615809600000,"node8WarnAfter":1600128000000}
